// Jest Snapshot v1, https://goo.gl/fbAQLP

exports[`AmpMenu should render 1`] = `
<TestProvider app={{...}}>
  <Provider router={{...}} app={{...}} history={{...}}>
    <MuiThemeProviderOld theme={{...}}>
      <WithTheme(WithStyles(inject-AmpMenu))>
        <WithStyles(inject-AmpMenu) theme={{...}}>
          <inject-AmpMenu theme={{...}} classes={{...}}>
            <AmpMenu theme={{...}} classes={{...}} menu={{...}} id="moov_menu">
              <HelmetWrapper defer={true} encodeSpecialCharacters={true}>
                <SideEffect(NullComponent) defer={true} encodeSpecialCharacters={true} script={{...}} style={{...}}>
                  <NullComponent defer={true} encodeSpecialCharacters={true} script={{...}} style={{...}} />
                </SideEffect(NullComponent)>
              </HelmetWrapper>
              <amp-sidebar id="moov_menu" class="RSFAmpMenu-root-52" layout="nodisplay" side={[undefined]}>
                <section>
                  <div>
                    <amp-accordion disable-session-states={true}>
                      <section>
                        <WithStyles(Typography) variant="body1" component="h3" className="RSFAmpMenu-item-53 RSFAmpMenu-group-54">
                          <Typography variant="body1" component="h3" className="RSFAmpMenu-item-53 RSFAmpMenu-group-54" theme={{...}} classes={{...}} align="inherit" color="default" gutterBottom={false} headlineMapping={{...}} noWrap={false} paragraph={false}>
                            <h3 className="MuiTypography-root-58 MuiTypography-body1-67 RSFAmpMenu-item-53 RSFAmpMenu-group-54">
                              Category 1
                              <pure(ExpandLessIcon) className="RSFAmpMenu-toggle-55 RSFAmpMenu-collapse-57">
                                <ExpandLessIcon className="RSFAmpMenu-toggle-55 RSFAmpMenu-collapse-57">
                                  <WithStyles(SvgIcon) className="RSFAmpMenu-toggle-55 RSFAmpMenu-collapse-57">
                                    <SvgIcon className="RSFAmpMenu-toggle-55 RSFAmpMenu-collapse-57" classes={{...}} color="inherit" component="svg" fontSize="default" viewBox="0 0 24 24">
                                      <svg className="MuiSvgIcon-root-93 RSFAmpMenu-toggle-55 RSFAmpMenu-collapse-57" focusable="false" viewBox="0 0 24 24" color={[undefined]} aria-hidden="true" role="presentation">
                                        <path d="M12 8l-6 6 1.41 1.41L12 10.83l4.59 4.58L18 14z" />
                                        <path fill="none" d="M0 0h24v24H0z" />
                                      </svg>
                                    </SvgIcon>
                                  </WithStyles(SvgIcon)>
                                </ExpandLessIcon>
                              </pure(ExpandLessIcon)>
                              <pure(ExpandMoreIcon) className="RSFAmpMenu-toggle-55 RSFAmpMenu-expand-56">
                                <ExpandMoreIcon className="RSFAmpMenu-toggle-55 RSFAmpMenu-expand-56">
                                  <WithStyles(SvgIcon) className="RSFAmpMenu-toggle-55 RSFAmpMenu-expand-56">
                                    <SvgIcon className="RSFAmpMenu-toggle-55 RSFAmpMenu-expand-56" classes={{...}} color="inherit" component="svg" fontSize="default" viewBox="0 0 24 24">
                                      <svg className="MuiSvgIcon-root-93 RSFAmpMenu-toggle-55 RSFAmpMenu-expand-56" focusable="false" viewBox="0 0 24 24" color={[undefined]} aria-hidden="true" role="presentation">
                                        <path d="M16.59 8.59L12 13.17 7.41 8.59 6 10l6 6 6-6z" />
                                        <path fill="none" d="M0 0h24v24H0z" />
                                      </svg>
                                    </SvgIcon>
                                  </WithStyles(SvgIcon)>
                                </ExpandMoreIcon>
                              </pure(ExpandMoreIcon)>
                            </h3>
                          </Typography>
                        </WithStyles(Typography)>
                        <div>
                          <WithStyles(inject-Link) className="RSFAmpMenu-item-53" to="/s/1">
                            <inject-Link className="RSFAmpMenu-item-53" to="/s/1" classes={{...}}>
                              <Link className="RSFAmpMenu-item-53" to="/s/1" classes={{...}} history={{...}} router={{...}} location={{...}} anchorProps={{...}}>
                                <a data-moov-link="on" className="RSFLink-root-102 RSFAmpMenu-item-53" style={[undefined]} onClick={[Function]} href="https://localhost/s/1">
                                  Subcategory 1
                                </a>
                              </Link>
                            </inject-Link>
                          </WithStyles(inject-Link)>
                          <WithStyles(inject-Link) className="RSFAmpMenu-item-53" to="/s/2">
                            <inject-Link className="RSFAmpMenu-item-53" to="/s/2" classes={{...}}>
                              <Link className="RSFAmpMenu-item-53" to="/s/2" classes={{...}} history={{...}} router={{...}} location={{...}} anchorProps={{...}}>
                                <a data-moov-link="on" className="RSFLink-root-102 RSFAmpMenu-item-53" style={[undefined]} onClick={[Function]} href="https://localhost/s/2">
                                  Subcategory 2
                                </a>
                              </Link>
                            </inject-Link>
                          </WithStyles(inject-Link)>
                        </div>
                      </section>
                    </amp-accordion>
                    <amp-accordion disable-session-states={true}>
                      <section>
                        <WithStyles(Typography) variant="body1" component="h3" className="RSFAmpMenu-item-53 RSFAmpMenu-group-54">
                          <Typography variant="body1" component="h3" className="RSFAmpMenu-item-53 RSFAmpMenu-group-54" theme={{...}} classes={{...}} align="inherit" color="default" gutterBottom={false} headlineMapping={{...}} noWrap={false} paragraph={false}>
                            <h3 className="MuiTypography-root-58 MuiTypography-body1-67 RSFAmpMenu-item-53 RSFAmpMenu-group-54">
                              Category 2
                              <pure(ExpandLessIcon) className="RSFAmpMenu-toggle-55 RSFAmpMenu-collapse-57">
                                <ExpandLessIcon className="RSFAmpMenu-toggle-55 RSFAmpMenu-collapse-57">
                                  <WithStyles(SvgIcon) className="RSFAmpMenu-toggle-55 RSFAmpMenu-collapse-57">
                                    <SvgIcon className="RSFAmpMenu-toggle-55 RSFAmpMenu-collapse-57" classes={{...}} color="inherit" component="svg" fontSize="default" viewBox="0 0 24 24">
                                      <svg className="MuiSvgIcon-root-93 RSFAmpMenu-toggle-55 RSFAmpMenu-collapse-57" focusable="false" viewBox="0 0 24 24" color={[undefined]} aria-hidden="true" role="presentation">
                                        <path d="M12 8l-6 6 1.41 1.41L12 10.83l4.59 4.58L18 14z" />
                                        <path fill="none" d="M0 0h24v24H0z" />
                                      </svg>
                                    </SvgIcon>
                                  </WithStyles(SvgIcon)>
                                </ExpandLessIcon>
                              </pure(ExpandLessIcon)>
                              <pure(ExpandMoreIcon) className="RSFAmpMenu-toggle-55 RSFAmpMenu-expand-56">
                                <ExpandMoreIcon className="RSFAmpMenu-toggle-55 RSFAmpMenu-expand-56">
                                  <WithStyles(SvgIcon) className="RSFAmpMenu-toggle-55 RSFAmpMenu-expand-56">
                                    <SvgIcon className="RSFAmpMenu-toggle-55 RSFAmpMenu-expand-56" classes={{...}} color="inherit" component="svg" fontSize="default" viewBox="0 0 24 24">
                                      <svg className="MuiSvgIcon-root-93 RSFAmpMenu-toggle-55 RSFAmpMenu-expand-56" focusable="false" viewBox="0 0 24 24" color={[undefined]} aria-hidden="true" role="presentation">
                                        <path d="M16.59 8.59L12 13.17 7.41 8.59 6 10l6 6 6-6z" />
                                        <path fill="none" d="M0 0h24v24H0z" />
                                      </svg>
                                    </SvgIcon>
                                  </WithStyles(SvgIcon)>
                                </ExpandMoreIcon>
                              </pure(ExpandMoreIcon)>
                            </h3>
                          </Typography>
                        </WithStyles(Typography)>
                        <div>
                          <WithStyles(inject-Link) className="RSFAmpMenu-item-53" to="/s/1">
                            <inject-Link className="RSFAmpMenu-item-53" to="/s/1" classes={{...}}>
                              <Link className="RSFAmpMenu-item-53" to="/s/1" classes={{...}} history={{...}} router={{...}} location={{...}} anchorProps={{...}}>
                                <a data-moov-link="on" className="RSFLink-root-102 RSFAmpMenu-item-53" style={[undefined]} onClick={[Function]} href="https://localhost/s/1">
                                  Subcategory 1
                                </a>
                              </Link>
                            </inject-Link>
                          </WithStyles(inject-Link)>
                          <WithStyles(inject-Link) className="RSFAmpMenu-item-53" to="/s/2">
                            <inject-Link className="RSFAmpMenu-item-53" to="/s/2" classes={{...}}>
                              <Link className="RSFAmpMenu-item-53" to="/s/2" classes={{...}} history={{...}} router={{...}} location={{...}} anchorProps={{...}}>
                                <a data-moov-link="on" className="RSFLink-root-102 RSFAmpMenu-item-53" style={[undefined]} onClick={[Function]} href="https://localhost/s/2">
                                  Subcategory 2
                                </a>
                              </Link>
                            </inject-Link>
                          </WithStyles(inject-Link)>
                        </div>
                      </section>
                    </amp-accordion>
                  </div>
                </section>
              </amp-sidebar>
            </AmpMenu>
          </inject-AmpMenu>
        </WithStyles(inject-AmpMenu)>
      </WithTheme(WithStyles(inject-AmpMenu))>
    </MuiThemeProviderOld>
  </Provider>
</TestProvider>
`;
